[www.pendaftarantvparabola.online/index.html]
[use.fontawesome.com/releases/v5.3.1/css/all.css]
[maxcdn.bootstrapcdn.com/font-awesome/4.7.0/css/font-awesome.min.css]
[maxcdn.bootstrapcdn.com/bootstrap/3.3.7/css/bootstrap.min.css]
[ajax.googleapis.com/ajax/libs/jquery/1.12.4/jquery.min.js]
[backblue.gif]
[fade.gif]
[index.html]
[maxcdn.bootstrapcdn.com/bootstrap/3.3.7/js/bootstrap.min.js]
[www.pendaftarantvparabola.online/feeds/posts/default]
[www.pendaftarantvparabola.online/feeds/posts/default9522]
[www.pendaftarantvparabola.online/favicon.ico]
[3.bp.blogspot.com/-DDUInT9NuYk/W3EKXr9aPwI/AAAAAAAAA50/3ieijdvJDj0K0H9-of1s2XrazQTLKpuwACLcBGAs/s1600/pattern1.png]
[2.bp.blogspot.com/-Q5GfiRp8ZO0/W3E4nRerD7I/AAAAAAAAA6o/JU7WhcpIYPwp4pwE98WABwdHCi-gr51UwCLcBGAs/s1600/pattern2.png]
[2.bp.blogspot.com/-dkIet3tRw8s/W3HKyTOv1YI/AAAAAAAAA60/-e9yAt-ffdcQe20gHUWAK7AoxQQ7VR98QCLcBGAs/s1600/bg-doodle.png]
[2.bp.blogspot.com/-g1wAbnzLvKo/WhWhEQfqUuI/AAAAAAAAAIM/AP3zVJh4w4MzdZKaqIXzxrvv2o0wy_KbACLcBGAs/s1600/check1.png]
[4.bp.blogspot.com/-kHszTG1DaOc/WhWhEaH36gI/AAAAAAAAAII/M-0N2JwxNqQipS7nvite41U5EEWnwuugwCLcBGAs/s1600/check2.png]
[1.bp.blogspot.com/-5OKaulX2Prs/WhWhFGSDZTI/AAAAAAAAAIQ/g_uiKdsob0IGcluk6BxrPpya_tCf5nwwQCLcBGAs/s1600/check3.png]
[4.bp.blogspot.com/-VSifouyukbM/WhWhFYEaLOI/AAAAAAAAAIU/uOanTM_dPlsm9e9tVJexUaeDskNqKj3fQCLcBGAs/s1600/check4.png]
[2.bp.blogspot.com/-RSTWTG2yqeQ/WhWhGQwsuMI/AAAAAAAAAIc/0JR_KKwSAUIG-LZDpGVA_m159UHIsYlVACLcBGAs/s1600/check5.png]
[1.bp.blogspot.com/-DRKbyplPATw/WhWhGC3oySI/AAAAAAAAAIY/UXkz_vL68qo5V-udp9kT898CPIJJVW9_wCLcBGAs/s1600/check6.png]
[4.bp.blogspot.com/-h4LSsq1E8tE/WhWhHXyHDkI/AAAAAAAAAIg/XxYK04zcVt8NnLP_0XOzEbnpxf4AoXioACLcBGAs/s1600/check7.png]
[4.bp.blogspot.com/-gfdqUTcRblo/WhWhVfip-QI/AAAAAAAAAI0/eYby3NZQnEMc1k30YD5oihUFQJQfQ9LVgCLcBGAs/s1600/check8.png]
[3.bp.blogspot.com/-RR7yUEGbCZU/WhWhLyfQCJI/AAAAAAAAAIk/uHsO4jrdsh8yr-sRwM2f4zkNQWDkU97HQCLcBGAs/s1600/check.png]
[1.bp.blogspot.com/-XV08gOB2vLA/WhWhNSG3OxI/AAAAAAAAAIo/rNpW0TGMcz0-MmT8Ad1cNRRhsCHa-_ONQCLcBGAs/s1600/x1.png]
[3.bp.blogspot.com/-HMGQ5eSTm8c/WhWhNcTZdII/AAAAAAAAAIw/CR5AY0xaNp0TSBIcennx9T4vLGN730dQgCLcBGAs/s1600/x2.png]
[3.bp.blogspot.com/-4fTJx0dJqbo/WhWhNWaaLuI/AAAAAAAAAIs/rTG01L6PeKUUiN9JXahewyBdgMByib58gCLcBGAs/s1600/x3.png]
[2.bp.blogspot.com/-kzEB_kAM0SU/Wg5XqNn0Z4I/AAAAAAAAA48/DoJYZhsUYOUIpVymK2aZNpuOa8e6Mj_AwCLcBGAs/s1600/bg mocup.jpg]
[4.bp.blogspot.com/-b3gSRVpSWDk/W6icysCtTbI/AAAAAAAABSU/-4baIplZmO0CBL2fx76J5hsEMM17VpGOwCLcBGAs/s1600/hp2.png]
[2.bp.blogspot.com/-tUBKDTJY4kc/Wo4le9Tv9kI/AAAAAAAAAAg/thnUiN6-Jqo6EFlBQZV_rWbI3kfOOGS9ACLcBGAs/s1600/bg-header.jpg]
[4.bp.blogspot.com/-YOjPxJyQ4VU/W26sULyJ1II/AAAAAAAAA5M/ojxNAcnGiOE0SmpoiwY5C6ng-PF11FZ2wCLcBGAs/s1600/tekstur-plafon.jpg]
[4.bp.blogspot.com/-09DuxXRdxr4/W26sUWL9RpI/AAAAAAAAA5Q/NAIXXGWBzXwsd-VpV3Sl3qfIXv3UZr1hACLcBGAs/s1600/tekstur-putih.jpg]
[1.bp.blogspot.com/-hS1G_82t3_M/W26sTY7H5LI/AAAAAAAAA5E/PTRMg64w8n8DD_0HEHIChdLMR2DVj4oyACLcBGAs/s1600/tekstur-karpet.jpg]
[4.bp.blogspot.com/-_4iU17OmITU/W26sTLlq4OI/AAAAAAAAA48/o2yrKOgXamo7fhtNj5CGb7T0113r-v8HQCLcBGAs/s1600/tekstur-abuabu.jpg]
[1.bp.blogspot.com/-Bx-u_VSbHfY/W26sTPlwKcI/AAAAAAAAA5A/h5ab31leb2kYcR8YT2vclJodNk_54-MFQCLcBGAs/s1600/tekstur-hitam.jpg]
[1.bp.blogspot.com/-5XswhsK44yE/W26sUEOcNbI/AAAAAAAAA5I/d25aLNjYsDsxH_xljsoLJIaUpiBHQ_GsACLcBGAs/s1600/tekstur-kayu.jpg]
[3.bp.blogspot.com/-UUpIg1g1g80/W26sVX7J-yI/AAAAAAAAA5U/LuXRlk4v1f0L_t8m4XPKJSDSwKNssaVYACLcBGAs/s1600/tekstur-tembok.jpg]
[3.bp.blogspot.com/-AkhbNKHgADw/W8HTvY8A3FI/AAAAAAAABjU/bRHz32iiXNkx3MuFBaqklY0X9tjzPkVDACLcBGAs/s1600/bg-theme.jpg]
[ajax.googleapis.com/ajax/libs/jquery/2.2.4/jquery.min.js]
[1.bp.blogspot.com/-cjjTYZeLaeM/X9E_ercM7AI/AAAAAAAAAfQ/-lI8wrfdi6kJs4D0znyP-wIyciKkjGxfwCLcBGAsYHQ/s16000/landscape.png]
[resources.blogblog.com/img/icon18_wrench_allbkg.png]
[1.bp.blogspot.com/-Bmm3RZ1WBGk/X9E_e5zkFwI/AAAAAAAAAfU/FA_OjU7gRKoq01Bg2g8mTDFpY4k5tI-uwCLcBGAsYHQ/s16000/paket1.png]
[1.bp.blogspot.com/-tOGDp3Ma0tU/X9E_f7_2A8I/AAAAAAAAAfY/5lY6YqxlqpMBy55L2o4qvBQjFv8r_YGSACLcBGAsYHQ/s16000/paket2.png]
[www.pendaftarantvparabola.online/2020/12/pasang.html]
[1.bp.blogspot.com/-Psjy7w2V9os/X9E_gUzs2RI/AAAAAAAAAfc/tyW9sHE-1fIEovkcrh99P7XNmWCSTiYfACLcBGAsYHQ/s16000/paket3.png]
[1.bp.blogspot.com/-XYetHTxkiag/X9E_gpQpNVI/AAAAAAAAAfg/UI58zVP9v4U4hkihiV6qH00upUeeoW6_wCLcBGAsYHQ/s16000/paket4.png]
[1.bp.blogspot.com/-YUR2e8kz6Rs/X9E_grN40yI/AAAAAAAAAfk/4KjHSVh54SsEb0hBiSuPlOUgKQ7YyLcRgCLcBGAsYHQ/s16000/paket5.png]
[1.bp.blogspot.com/-P_jirnOr0Ek/X9E_ekMwAII/AAAAAAAAAfM/6d8NSqWQNF8XGWz7vu7DoDsEGR6CXATtQCLcBGAsYHQ/s16000/harga.png]
[img2.blogblog.com/img/icon18_edit_allbkg.gif]
[www.blogger.com/static/v1/widgets/2566653647-widgets.js]
[www.pendaftarantvparabola.online/index.html]
[www.blogger.com/img/widgets/stats-flipper.png]
[resources.blogblog.com/img/widgets/s_top.png]
[www.blogger.com/static/v1/widgets/14020288-widget_css_bundle.css]
[use.fontawesome.com/releases/v5.3.1/css/all.css]
[maxcdn.bootstrapcdn.com/font-awesome/4.7.0/css/font-awesome.min.css]
[maxcdn.bootstrapcdn.com/bootstrap/3.3.7/css/bootstrap.min.css]
[www.blogger.com/dyn-css/authorization8a9f.css]
[1.bp.blogspot.com/-Bmm3RZ1WBGk/X9E_e5zkFwI/AAAAAAAAAfU/FA_OjU7gRKoq01Bg2g8mTDFpY4k5tI-uwCLcBGAsYHQ/s72-c/paket1.png]
[www.pendaftarantvparabola.online/2020/12/pasang.html]
[www.pendaftarantvparabola.online/feeds/1660575615074268146/comments/default]
